../Drivers/CMSIS/Include/core_cm7.h:2229:22:SCB_EnableICache	4	static,ignoring_inline_asm
../Drivers/CMSIS/Include/core_cm7.h:2281:22:SCB_EnableDCache	24	static,ignoring_inline_asm
../Core/Src/main.c:152:5:__io_putchar	16	static
../Core/Src/main.c:163:5:main	72	static
../Core/Src/main.c:279:6:SystemClock_Config	88	static
../Core/Src/main.c:336:6:PeriphCommonClock_Config	144	static
../Core/Src/main.c:364:13:MX_ADC3_Init	24	static
../Core/Src/main.c:416:13:MX_CRC_Init	8	static
../Core/Src/main.c:447:13:MX_DCMI_Init	8	static
../Core/Src/main.c:484:13:MX_DMA2D_Init	8	static
../Core/Src/main.c:521:13:MX_ETH_Init	8	static
../Core/Src/main.c:570:13:MX_I2C1_Init	8	static
../Core/Src/main.c:618:13:MX_I2C3_Init	8	static
../Core/Src/main.c:666:13:MX_LTDC_Init	64	static
../Core/Src/main.c:728:13:MX_QUADSPI_Init	8	static
../Core/Src/main.c:763:13:MX_RTC_Init	72	static
../Core/Src/main.c:859:13:MX_SAI2_Init	8	static
../Core/Src/main.c:934:13:MX_SDMMC1_SD_Init	4	static
../Core/Src/main.c:962:13:MX_SPDIFRX_Init	8	static
../Core/Src/main.c:998:13:MX_TIM1_Init	112	static
../Core/Src/main.c:1078:13:MX_TIM2_Init	64	static
../Core/Src/main.c:1137:13:MX_TIM3_Init	64	static
../Core/Src/main.c:1196:13:MX_TIM5_Init	64	static
../Core/Src/main.c:1255:13:MX_TIM8_Init	40	static
../Core/Src/main.c:1302:13:MX_TIM12_Init	40	static
../Core/Src/main.c:1344:13:MX_USART1_UART_Init	8	static
../Core/Src/main.c:1379:13:MX_USART6_UART_Init	8	static
../Core/Src/main.c:1410:13:MX_FMC_Init	40	static
../Core/Src/main.c:1461:13:MX_GPIO_Init	72	static
../Core/Src/main.c:1634:6:StartDefaultTask	16	static
../Core/Src/main.c:1654:13:TouchGFX_Task	16	static
../Core/Src/main.c:1667:6:MPU_Config	24	static
../Core/Src/main.c:1713:6:HAL_TIM_PeriodElapsedCallback	16	static
../Core/Src/main.c:1730:6:Error_Handler	4	static,ignoring_inline_asm
